\BOOKMARK [0][-]{chapter*.3}{\376\377\004\036\004\037\004\040\004\025\004\024\004\025\004\033\004\025\004\035\004\030\004\057}{}% 1
\BOOKMARK [0][-]{chapter*.4}{\376\377\004\036\004\021\004\036\004\027\004\035\004\020\004\047\004\025\004\035\004\030\004\057\000\040\004\030\000\040\004\041\004\036\004\032\004\040\004\020\004\051\004\025\004\035\004\030\004\057}{}% 2
\BOOKMARK [0][-]{chapter*.5}{\376\377\004\022\004\022\004\025\004\024\004\025\004\035\004\030\004\025}{}% 3
\BOOKMARK [0][-]{chapter.1}{\376\377\004\036\004\061\004\067\004\076\004\100\000\040\004\061\004\065\004\101\004\101\004\102\004\103\004\077\004\065\004\075\004\107\004\060\004\102\004\113\004\105\000\040\004\072\004\076\004\100\004\076\004\061\004\076\004\072\000\040\004\077\004\065\004\100\004\065\004\064\004\060\004\107}{}% 4
\BOOKMARK [1][-]{section.1.1}{\376\377\004\032\004\073\004\070\004\075\004\076\004\062\004\113\004\071\000\040\004\062\004\060\004\100\004\070\004\060\004\102\004\076\004\100}{chapter.1}% 5
\BOOKMARK [2][-]{subsection.1.1.1}{\376\377\004\041\004\103\004\105\004\076\004\071\000\040\004\100\004\065\004\074\004\065\004\075\004\114}{section.1.1}% 6
\BOOKMARK [2][-]{subsection.1.1.2}{\376\377\004\046\004\065\004\077\004\114}{section.1.1}% 7
\BOOKMARK [2][-]{subsection.1.1.3}{\376\377\004\042\004\076\004\073\004\072\004\060\004\116\004\111\004\070\004\071\000\040\004\100\004\065\004\074\004\065\004\075\004\114}{section.1.1}% 8
\BOOKMARK [2][-]{subsection.1.1.4}{\376\377\004\036\004\061\004\067\004\076\004\100\000\040\004\077\004\100\004\070\004\074\004\065\004\075\004\065\004\075\004\070\004\117\000\040\004\072\004\073\004\070\004\075\004\076\004\062\004\113\004\105\000\040\004\062\004\060\004\100\004\070\004\060\004\102\004\076\004\100\004\076\004\062}{section.1.1}% 9
\BOOKMARK [1][-]{section.1.2}{\376\377\004\042\004\076\004\100\004\076\004\070\004\064\004\060\004\073\004\114\004\075\004\113\004\071\000\040\004\062\004\060\004\100\004\070\004\060\004\102\004\076\004\100}{chapter.1}% 10
\BOOKMARK [1][-]{section.1.3}{\376\377\004\032\004\076\004\075\004\103\004\101\004\075\004\113\004\071\000\040\004\062\004\060\004\100\004\070\004\060\004\102\004\076\004\100}{chapter.1}% 11
\BOOKMARK [1][-]{section.1.4}{\376\377\004\055\004\073\004\065\004\072\004\102\004\100\004\070\004\107\004\065\004\101\004\072\004\070\004\071\000\040\004\062\004\060\004\100\004\070\004\060\004\102\004\076\004\100}{chapter.1}% 12
\BOOKMARK [1][-]{section.1.5}{\376\377\004\023\004\070\004\064\004\100\004\076\004\101\004\102\004\060\004\102\004\070\004\107\004\065\004\101\004\072\004\070\004\071\000\040\004\062\004\060\004\100\004\070\004\060\004\102\004\076\004\100}{chapter.1}% 13
\BOOKMARK [1][-]{section.1.6}{\376\377\004\020\004\075\004\060\004\073\004\070\004\067\000\040\004\100\004\113\004\075\004\072\004\060\000\040\004\061\004\065\004\101\004\101\004\102\004\103\004\077\004\065\004\075\004\107\004\060\004\102\004\113\004\105\000\040\004\072\004\076\004\100\004\076\004\061\004\076\004\072\000\040\004\077\004\065\004\100\004\065\004\064\004\060\004\107}{chapter.1}% 14
\BOOKMARK [0][-]{chapter.2}{\376\377\004\036\004\077\004\070\004\101\004\060\004\075\004\070\004\065\000\040\004\062\004\113\004\061\004\100\004\060\004\075\004\075\004\076\004\071\000\040\004\102\004\117\004\063\004\076\004\062\004\076\004\071\000\040\004\101\004\070\004\101\004\102\004\065\004\074\004\113}{}% 15
\BOOKMARK [1][-]{section.2.1}{\376\377\004\034\004\076\004\064\004\065\004\073\004\114\000\040\004\062\004\060\004\100\004\070\004\060\004\102\004\076\004\100\004\060}{chapter.2}% 16
\BOOKMARK [1][-]{section.2.2}{\376\377\004\034\004\076\004\064\004\065\004\073\004\114\000\040\004\064\004\062\004\070\004\063\004\060\004\102\004\065\004\073\004\117}{chapter.2}% 17
\BOOKMARK [1][-]{section.2.3}{\376\377\004\055\004\104\004\104\004\065\004\072\004\102\004\070\004\062\004\075\004\076\004\101\004\102\004\114\000\040\004\062\004\060\004\100\004\070\004\060\004\102\004\076\004\100\004\060}{chapter.2}% 18
\BOOKMARK [0][-]{chapter.3}{\376\377\004\042\004\117\004\063\004\076\004\064\004\070\004\075\004\060\004\074\004\070\004\107\004\065\004\101\004\072\004\070\004\071\000\040\004\100\004\060\004\101\004\107\004\065\004\102}{}% 19
\BOOKMARK [1][-]{section.3.1}{\376\377\004\022\004\075\004\065\004\110\004\075\004\117\004\117\000\040\004\101\004\072\004\076\004\100\004\076\004\101\004\102\004\075\004\060\004\117\000\040\004\105\004\060\004\100\004\060\004\072\004\102\004\065\004\100\004\070\004\101\004\102\004\070\004\072\004\060}{chapter.3}% 20
\BOOKMARK [1][-]{section.3.2}{\376\377\004\036\004\077\004\100\004\065\004\064\004\065\004\073\004\065\004\075\004\070\004\065\000\040\004\077\004\065\004\100\004\065\004\064\004\060\004\102\004\076\004\107\004\075\004\113\004\105\000\040\004\107\004\070\004\101\004\065\004\073\000\040\004\102\004\100\004\060\004\075\004\101\004\074\004\070\004\101\004\101\004\070\004\070}{chapter.3}% 21
\BOOKMARK [1][-]{section.3.3}{\376\377\004\042\004\117\004\063\004\076\004\062\004\113\004\071\000\040\004\061\004\060\004\073\004\060\004\075\004\101}{chapter.3}% 22
\BOOKMARK [1][-]{section.3.4}{\376\377\004\024\004\070\004\075\004\060\004\074\004\070\004\107\004\065\004\101\004\072\004\070\004\071\000\040\004\104\004\060\004\072\004\102\004\076\004\100}{chapter.3}% 23
\BOOKMARK [1][-]{section.3.5}{\376\377\004\043\004\101\004\072\004\076\004\100\004\065\004\075\004\070\004\065\000\040\004\060\004\062\004\102\004\076\004\074\004\076\004\061\004\070\004\073\004\117}{chapter.3}% 24
\BOOKMARK [0][-]{chapter.4}{\376\377\004\037\004\076\004\062\004\065\004\100\004\076\004\107\004\075\004\113\004\071\000\040\004\100\004\060\004\101\004\107\004\121\004\102\000\040\004\077\004\100\004\070\004\066\004\070\004\074\004\075\004\076\004\071\000\040\004\101\004\070\004\073\004\113\000\040\004\072\004\076\004\075\004\103\004\101\004\076\004\062\000\040\004\062\004\060\004\100\004\070\004\060\004\102\004\076\004\100\004\060}{}% 25
\BOOKMARK [0][-]{chapter.5}{\376\377\004\040\004\060\004\101\004\107\004\065\004\102\000\040\004\074\004\065\004\102\004\076\004\064\004\076\004\074\000\040\004\072\004\076\004\075\004\065\004\107\004\075\004\113\004\105\000\040\004\115\004\073\004\065\004\074\004\065\004\075\004\102\004\076\004\062}{}% 26
\BOOKMARK [0][-]{chapter*.39}{\376\377\004\027\004\020\004\032\004\033\004\056\004\047\004\025\004\035\004\030\004\025}{}% 27
\BOOKMARK [0][-]{chapter*.40}{\376\377\004\041\004\037\004\030\004\041\004\036\004\032\000\040\004\030\004\041\004\037\004\036\004\033\004\054\004\027\004\036\004\022\004\020\004\035\004\035\004\053\004\045\000\040\004\030\004\041\004\042\004\036\004\047\004\035\004\030\004\032\004\036\004\022}{}% 28
