\BOOKMARK [0][-]{chapter*.2}{\376\377\004\040\004\025\004\044\004\025\004\040\004\020\004\042}{}% 1
\BOOKMARK [0][-]{chapter*.4}{\376\377\004\036\004\021\004\036\004\027\004\035\004\020\004\047\004\025\004\035\004\030\004\057\000\040\004\030\000\040\004\041\004\036\004\032\004\040\004\020\004\051\004\025\004\035\004\030\004\057}{}% 2
\BOOKMARK [0][-]{chapter*.5}{\376\377\004\022\004\022\004\025\004\024\004\025\004\035\004\030\004\025}{}% 3
\BOOKMARK [0][-]{chapter.1}{\376\377\004\036\004\061\004\067\004\076\004\100\000\040\004\063\004\070\004\061\004\100\004\070\004\064\004\076\004\062}{}% 4
\BOOKMARK [1][-]{section.1.1}{\376\377\004\034\004\070\004\072\004\100\004\076\004\063\004\070\004\061\004\100\004\070\004\064\004\113}{chapter.1}% 5
\BOOKMARK [1][-]{section.1.2}{\376\377\004\034\004\117\004\063\004\072\004\070\004\065\000\040\004\063\004\070\004\061\004\100\004\070\004\064\004\113}{chapter.1}% 6
\BOOKMARK [1][-]{section.1.3}{\376\377\004\037\004\076\004\073\004\075\004\113\004\065\000\040\004\063\004\070\004\061\004\100\004\070\004\064\004\113}{chapter.1}% 7
\BOOKMARK [1][-]{section.1.4}{\376\377\004\037\004\076\004\064\004\072\004\073\004\116\004\107\004\060\004\065\004\074\004\113\004\065\000\040\004\063\004\070\004\061\004\100\004\070\004\064\004\113\000\040\000\050\000P\000H\000E\000V\000\051}{chapter.1}% 8
\BOOKMARK [0][-]{chapter.2}{\376\377\004\032\004\073\004\060\004\101\004\101\004\070\004\104\004\070\004\072\004\060\004\106\004\070\004\117\000\040\004\063\004\070\004\061\004\100\004\070\004\064\004\075\004\113\004\105\000\040\004\060\004\100\004\105\004\070\004\102\004\065\004\072\004\102\004\103\004\100}{}% 9
\BOOKMARK [1][-]{section.2.1}{\376\377\004\042\004\076\004\077\004\076\004\073\004\076\004\063\004\070\004\117\000\040\004\063\004\070\004\061\004\100\004\070\004\064\004\075\004\113\004\105\000\040\004\101\004\070\004\101\004\102\004\065\004\074}{chapter.2}% 10
\BOOKMARK [1][-]{section.2.2}{\376\377\004\032\004\076\004\075\004\104\004\070\004\063\004\103\004\100\004\060\004\106\004\070\004\117\000\040\004\115\004\073\004\065\004\072\004\102\004\100\004\076\004\074\004\060\004\110\004\070\004\075\000\040\004\063\004\070\004\061\004\100\004\070\004\064\004\076\004\062\000\040\004\062\000\040\004\102\004\100\004\060\004\075\004\101\004\074\004\070\004\101\004\101\004\070\004\070}{chapter.2}% 11
\BOOKMARK [1][-]{section.2.3}{\376\377\000P\000a\000r\000a\000l\000l\000e\000l\000\040\000M\000i\000l\000d\000\040\000H\000y\000b\000r\000i\000d}{chapter.2}% 12
\BOOKMARK [1][-]{section.2.4}{\376\377\000P\000a\000r\000a\000l\000l\000e\000l\000\040\000I\000n\000l\000i\000n\000e\000\040\000H\000y\000b\000r\000i\000d}{chapter.2}% 13
\BOOKMARK [1][-]{section.2.5}{\376\377\000H\000y\000b\000r\000i\000d\000\040\000S\000y\000n\000e\000r\000g\000y\000\040\000D\000r\000i\000v\000e}{chapter.2}% 14
\BOOKMARK [1][-]{section.2.6}{\376\377\000G\000M\000\040\000T\000w\000o\000-\000M\000o\000d\000e\000\040\000H\000y\000b\000r\000i\000d}{chapter.2}% 15
\BOOKMARK [1][-]{section.2.7}{\376\377\000M\000u\000l\000t\000i\000-\000m\000o\000d\000e\000\040\000S\000e\000r\000i\000e\000s\000\040\000\050\000i\000-\000M\000M\000D\000\051}{chapter.2}% 16
\BOOKMARK [1][-]{section.2.8}{\376\377\000M\000u\000l\000t\000i\000-\000m\000o\000d\000e\000\040\000P\000a\000r\000a\000l\000l\000e\000l}{chapter.2}% 17
\BOOKMARK [1][-]{section.2.9}{\376\377\004\037\004\076\004\101\004\073\004\065\004\064\004\076\004\062\004\060\004\102\004\065\004\073\004\114\004\075\004\113\004\071\000\040\000P\000H\000E\000V\000\040\000\050\000R\000E\000E\000V\000\051}{chapter.2}% 18
\BOOKMARK [0][-]{chapter.3}{\376\377\004\020\004\075\004\060\004\073\004\070\004\067\000\040\004\064\004\060\004\075\004\075\004\113\004\105}{}% 19
\BOOKMARK [0][-]{chapter*.24}{\376\377\004\027\004\020\004\032\004\033\004\056\004\047\004\025\004\035\004\030\004\025}{}% 20
\BOOKMARK [0][-]{chapter*.25}{\376\377\004\041\004\037\004\030\004\041\004\036\004\032\000\040\004\030\004\041\004\037\004\036\004\033\004\054\004\027\004\036\004\022\004\020\004\035\004\035\004\053\004\045\000\040\004\030\004\041\004\042\004\036\004\047\004\035\004\030\004\032\004\036\004\022}{}% 21
\BOOKMARK [0][-]{appendix.1.A}{\376\377\004\037\004\040\004\030\004\033\004\036\004\026\004\025\004\035\004\030\004\025\000\040}{}% 22
